// Vitest Snapshot v1, https://vitest.dev/guide/snapshot.html

exports[`output generation 1`] = `
{
  "cleanFn": [Function],
  "outputFiles": {
    "examples/graphql/book/graphql.graphql": "type Mutation {
  addAuthor(input: AuthorInput!): Author!
  addBook(input: BookInput!): Book!
}

type Query {
  getAuthor(authorName: String!): Author!
  getBook(bookName: String!): Book!
}

input AuthorInput {
  books: [BookInput!]
  name: String!
}

type Author {
  books: Book!
  name: String!
}

input BookInput {
  authors: [AuthorInput!]
  title: String!
}

type Book {
  authors: Author!
  title: String!
}",
    "examples/graphql/book/graphql.type.ts": "/**
 * Generated by @skyleague/therefore
 * Do not manually touch this
 */
/* eslint-disable */

export interface Author {
    name: string
    books: Book
}

export interface AuthorInput {
    name: string
    books?: ((BookInput)[] | undefined)
}

export interface Book {
    title: string
    authors: Author
}

export interface BookInput {
    title: string
    authors?: ((AuthorInput)[] | undefined)
}

",
  },
}
`;
